"C:/Program Files (x86)/WiX Toolset v3.14/bin/candle.exe" -nologo -arch x64 -out "C:/Users/Jozh/repos/Jujo.StreamServer/build-ninja/cpack_artifacts/_CPack_Packages/win64/WIX/directories.wixobj" -ext "WixFirewallExtension" -ext "WixUtilExtension" "-dBinDir=C:/Users/Jozh/repos/Jujo.StreamServer/build-ninja" "-dJujoStreamServerAppId=Jujo.Stream.Server" "C:/Users/Jozh/repos/Jujo.StreamServer/build-ninja/cpack_artifacts/_CPack_Packages/win64/WIX/directories.wxs"
directories.wxs
"C:/Program Files (x86)/WiX Toolset v3.14/bin/candle.exe" -nologo -arch x64 -out "C:/Users/Jozh/repos/Jujo.StreamServer/build-ninja/cpack_artifacts/_CPack_Packages/win64/WIX/files.wixobj" -ext "WixFirewallExtension" -ext "WixUtilExtension" "-dBinDir=C:/Users/Jozh/repos/Jujo.StreamServer/build-ninja" "-dJujoStreamServerAppId=Jujo.Stream.Server" "C:/Users/Jozh/repos/Jujo.StreamServer/build-ninja/cpack_artifacts/_CPack_Packages/win64/WIX/files.wxs"
files.wxs
"C:/Program Files (x86)/WiX Toolset v3.14/bin/candle.exe" -nologo -arch x64 -out "C:/Users/Jozh/repos/Jujo.StreamServer/build-ninja/cpack_artifacts/_CPack_Packages/win64/WIX/features.wixobj" -ext "WixFirewallExtension" -ext "WixUtilExtension" "-dBinDir=C:/Users/Jozh/repos/Jujo.StreamServer/build-ninja" "-dJujoStreamServerAppId=Jujo.Stream.Server" "C:/Users/Jozh/repos/Jujo.StreamServer/build-ninja/cpack_artifacts/_CPack_Packages/win64/WIX/features.wxs"
features.wxs
"C:/Program Files (x86)/WiX Toolset v3.14/bin/candle.exe" -nologo -arch x64 -out "C:/Users/Jozh/repos/Jujo.StreamServer/build-ninja/cpack_artifacts/_CPack_Packages/win64/WIX/main.wixobj" -ext "WixFirewallExtension" -ext "WixUtilExtension" "-dBinDir=C:/Users/Jozh/repos/Jujo.StreamServer/build-ninja" "-dJujoStreamServerAppId=Jujo.Stream.Server" "C:/Users/Jozh/repos/Jujo.StreamServer/build-ninja/cpack_artifacts/_CPack_Packages/win64/WIX/main.wxs"
main.wxs
"C:/Program Files (x86)/WiX Toolset v3.14/bin/candle.exe" -nologo -arch x64 -out "C:/Users/Jozh/repos/Jujo.StreamServer/build-ninja/cpack_artifacts/_CPack_Packages/win64/WIX/custom_actions.wixobj" -ext "WixFirewallExtension" -ext "WixUtilExtension" "-IC:/Users/Jozh/repos/Jujo.StreamServer/build-ninja/cpack_artifacts/_CPack_Packages/win64/WIX" "-dBinDir=C:/Users/Jozh/repos/Jujo.StreamServer/build-ninja" "-dJujoStreamServerAppId=Jujo.Stream.Server" "C:/Users/Jozh/repos/Jujo.StreamServer/packaging/windows/wix/custom_actions.wxs"
custom_actions.wxs
C:\Users\Jozh\repos\Jujo.StreamServer\packaging\windows\wix\custom_actions.wxs(29) : warning CNDL1000 : The Binary/@Id attribute's value, 'AskUninstallLegacySunshineVbs', is 29 characters long.  It will be too long if modularized.  The identifier shouldn't be longer than 18 characters long to allow for modularization (appending a guid for merge modules).
C:\Users\Jozh\repos\Jujo.StreamServer\packaging\windows\wix\custom_actions.wxs(30) : warning CNDL1000 : The Binary/@Id attribute's value, 'WaitForLegacyUninstallVbs', is 25 characters long.  It will be too long if modularized.  The identifier shouldn't be longer than 18 characters long to allow for modularization (appending a guid for merge modules).
C:\Users\Jozh\repos\Jujo.StreamServer\packaging\windows\wix\custom_actions.wxs(31) : warning CNDL1000 : The Binary/@Id attribute's value, 'RemoveConflictingProductsVbs', is 28 characters long.  It will be too long if modularized.  The identifier shouldn't be longer than 18 characters long to allow for modularization (appending a guid for merge modules).
"C:/Program Files (x86)/WiX Toolset v3.14/bin/light.exe" -nologo -out "C:/Users/Jozh/repos/Jujo.StreamServer/build-ninja/cpack_artifacts/_CPack_Packages/win64/WIX/Jujo.StreamServer.msi" -ext "WixFirewallExtension" -ext "WixUIExtension" -ext "WixUtilExtension" -cultures:en-US "-b" "MyScripts=C:/Users/Jozh/repos/Jujo.StreamServer/packaging/windows/wix" "-b" "PayloadRoot=C:/Users/Jozh/repos/Jujo.StreamServer/build-ninja/wix_payload/"  "C:/Users/Jozh/repos/Jujo.StreamServer/build-ninja/cpack_artifacts/_CPack_Packages/win64/WIX/directories.wixobj" "C:/Users/Jozh/repos/Jujo.StreamServer/build-ninja/cpack_artifacts/_CPack_Packages/win64/WIX/files.wixobj" "C:/Users/Jozh/repos/Jujo.StreamServer/build-ninja/cpack_artifacts/_CPack_Packages/win64/WIX/features.wixobj" "C:/Users/Jozh/repos/Jujo.StreamServer/build-ninja/cpack_artifacts/_CPack_Packages/win64/WIX/main.wixobj" "C:/Users/Jozh/repos/Jujo.StreamServer/build-ninja/cpack_artifacts/_CPack_Packages/win64/WIX/custom_actions.wixobj"
C:\Users\Jozh\repos\Jujo.StreamServer\packaging\windows\wix\custom_actions.wxs(187) : warning LGHT1076 : ICE03: String overflow (greater than length permitted in column); Table: CustomAction, Column: Target, Key(s): SetStopSvcQuietImmediate
C:\Users\Jozh\repos\Jujo.StreamServer\packaging\windows\wix\custom_actions.wxs(190) : warning LGHT1076 : ICE03: String overflow (greater than length permitted in column); Table: CustomAction, Column: Target, Key(s): SetStopSvcQuiet
C:\Users\Jozh\repos\Jujo.StreamServer\packaging\windows\wix\custom_actions.wxs(199) : warning LGHT1076 : ICE03: String overflow (greater than length permitted in column); Table: CustomAction, Column: Target, Key(s): SetStartSvcQuiet
C:\Users\Jozh\repos\Jujo.StreamServer\packaging\windows\wix\custom_actions.wxs(203) : warning LGHT1076 : ICE03: String overflow (greater than length permitted in column); Table: CustomAction, Column: Target, Key(s): SetKillProcsQuietImmediate
C:\Users\Jozh\repos\Jujo.StreamServer\packaging\windows\wix\custom_actions.wxs(206) : warning LGHT1076 : ICE03: String overflow (greater than length permitted in column); Table: CustomAction, Column: Target, Key(s): SetKillProcsQuiet
C:\Users\Jozh\repos\Jujo.StreamServer\build-ninja\cpack_artifacts\_CPack_Packages\win64\WIX\main.wxs(26) : warning LGHT1076 : ICE61: This product should remove only older versions of itself. The Maximum version is not less than the current product. (1.0.28.0 1.0.28.0)
C:\Users\Jozh\repos\Jujo.StreamServer\packaging\windows\wix\custom_actions.wxs(48) : warning LGHT1076 : ICE90: The shortcut 'JujoStreamServerStartMenuShortcut' has a directory that is a public property (ALL CAPS) and is under user profile directory. This results in a problem if the value of the ALLUSERS property changes in the UI sequence.
